// Jest Snapshot v1, https://goo.gl/fbAQLP

exports[`<Preview /> should render and match the snapshot 1`] = `
<DocumentFragment>
  .c1 {
  height: 100%;
  overflow: auto;
}

.c1:fullscreen {
  -webkit-scroll-snap-type: y mandatory;
  -moz-scroll-snap-type: y mandatory;
  -ms-scroll-snap-type: y mandatory;
  scroll-snap-type: y mandatory;
}

.c1:fullscreen .slide {
  display: grid;
  height: 100%;
  -webkit-scroll-snap-align: start;
  -moz-scroll-snap-align: start;
  -ms-scroll-snap-align: start;
  scroll-snap-align: start;
}

.c1:fullscreen .slide svg {
  margin: auto;
}

.c1:-webkit-full-screen {
  background-color: rgba(255,255,255,0);
}

.c1:-webkit-full-screen .slide {
  display: grid;
  height: 100%;
}

.c1:-webkit-full-screen .slide svg {
  margin: auto;
}

.c0 {
  display: -webkit-box;
  display: -webkit-flex;
  display: -ms-flexbox;
  display: flex;
  -webkit-flex: 1;
  -ms-flex: 1;
  flex: 1;
  -webkit-flex-direction: column;
  -ms-flex-direction: column;
  flex-direction: column;
}

<div
    class="c0"
  >
    <article
      class="c1"
      id="slideshow"
    />
  </div>
</DocumentFragment>
`;
