// Jest Snapshot v1, https://goo.gl/fbAQLP

exports[`<App /> should render and match the snapshot 1`] = `
<BrowserRouter>
  <Helmet
    defaultTitle="mdeck"
    defer={true}
    encodeSpecialCharacters={true}
    titleTemplate="%s - mdeck"
  >
    <meta
      content="A minimal, markdown-based presentation tool."
      name="description"
    />
  </Helmet>
  <Switch>
    <Route
      component={[Function]}
      exact={true}
      path="/"
    />
    <Route
      component={[Function]}
    />
  </Switch>
  <UNDEFINED />
</BrowserRouter>
`;
