// Jest Snapshot v1, https://goo.gl/fbAQLP

exports[`<Toolbar /> should render and match the snapshot 1`] = `
<DocumentFragment>
  .c0 {
  background-color: #455954;
  box-shadow: 0px 0px 1.5px #455954;
  height: 25px;
  overflow: hidden;
  position: fixed;
  bottom: 0;
  width: 100%;
  padding: 0 5px;
}

.c1 {
  display: -webkit-box;
  display: -webkit-flex;
  display: -ms-flexbox;
  display: flex;
  height: 25px;
  margin: 0;
  padding: 0;
}

.c3 {
  cursor: pointer;
  display: -webkit-box;
  display: -webkit-flex;
  display: -ms-flexbox;
  display: flex;
  margin: 0 3px;
}

.c6 {
  cursor: pointer;
  display: -webkit-box;
  display: -webkit-flex;
  display: -ms-flexbox;
  display: flex;
  margin: 0 3px;
  opacity: 0.4;
  pointer-events: none;
  margin-left: auto;
}

.c7 {
  display: -webkit-box;
  display: -webkit-flex;
  display: -ms-flexbox;
  display: flex;
  -webkit-align-items: center;
  -webkit-box-align: center;
  -ms-flex-align: center;
  align-items: center;
  -webkit-box-pack: center;
  -webkit-justify-content: center;
  -ms-flex-pack: center;
  justify-content: center;
}

.c7 svg {
  -webkit-transition: 0.4s ease-in-out;
  transition: 0.4s ease-in-out;
}

.c7 svg circle,
.c7 svg path {
  stroke: #b5c2c7;
}

.c7 svg:hover {
  -webkit-transform: scale(1.1);
  -ms-transform: scale(1.1);
  transform: scale(1.1);
}

.c7 svg {
  -webkit-transition: 0.4s ease-in-out;
  transition: 0.4s ease-in-out;
}

.c7 svg:hover {
  -webkit-transform: scale(1.1);
  -ms-transform: scale(1.1);
  transform: scale(1.1);
}

.c7 svg:hover {
  fill: #b5c2c7;
}

.c4 {
  display: -webkit-box;
  display: -webkit-flex;
  display: -ms-flexbox;
  display: flex;
  -webkit-align-items: center;
  -webkit-box-align: center;
  -ms-flex-align: center;
  align-items: center;
  -webkit-box-pack: center;
  -webkit-justify-content: center;
  -ms-flex-pack: center;
  justify-content: center;
}

.c4 svg {
  -webkit-transition: 0.4s ease-in-out;
  transition: 0.4s ease-in-out;
}

.c4 svg circle,
.c4 svg path {
  stroke: #b5c2c7;
}

.c4 svg:hover {
  -webkit-transform: scale(1.1);
  -ms-transform: scale(1.1);
  transform: scale(1.1);
}

.c4 svg {
  -webkit-transition: 0.4s ease-in-out;
  transition: 0.4s ease-in-out;
}

.c4 svg:hover {
  -webkit-transform: scale(1.1);
  -ms-transform: scale(1.1);
  transform: scale(1.1);
}

.c4 svg:hover {
  fill: #b5c2c7;
}

.c4:hover svg {
  -webkit-transition: opacity 0.4s ease-in-out;
  transition: opacity 0.4s ease-in-out;
  opacity: 0.5;
  -webkit-transform: none;
  -ms-transform: none;
  transform: none;
}

.c5 {
  position: absolute;
  height: 100%;
  display: -webkit-box;
  display: -webkit-flex;
  display: -ms-flexbox;
  display: flex;
  -webkit-align-items: center;
  -webkit-box-align: center;
  -ms-flex-align: center;
  align-items: center;
  -webkit-box-pack: center;
  -webkit-justify-content: center;
  -ms-flex-pack: center;
  justify-content: center;
  opacity: 0;
  color: #b5c2c7;
  font-weight: bolder;
  font-size: 8px;
  -webkit-transition: 0.2s ease-in-out;
  transition: 0.2s ease-in-out;
}

.c5:hover {
  opacity: 1;
  -webkit-transform: scale(1.1);
  -ms-transform: scale(1.1);
  transform: scale(1.1);
}

.c2 {
  display: none;
}

<nav
    class="c0"
  >
    <div
      class="c1"
    >
      <input
        accept=".md,.txt"
        class="c2"
        id="fileLoader"
        title="Load Markdown File"
        type="file"
      />
      <li
        aria-label="load-file"
        class="c3"
        role="button"
      >
        <div
          class="c4"
        >
          <svgr-mock />
          <div
            class="c5"
          >
            LOAD
          </div>
        </div>
      </li>
      <li
        aria-label="save-file"
        class="c3"
        role="button"
      >
        <div
          class="c4"
        >
          <svgr-mock />
          <div
            class="c5"
          >
            SAVE
          </div>
        </div>
      </li>
      <li
        aria-label="request-presentation"
        class="c6"
        disabled=""
        role="button"
      >
        <div
          class="c7"
        >
          <svgr-mock />
        </div>
      </li>
    </div>
  </nav>
</DocumentFragment>
`;
