// Jest Snapshot v1, https://goo.gl/fbAQLP

exports[`<Toolbar /> should render and match the snapshot 1`] = `
<DocumentFragment>
  .c0 {
  background-color: #ededed;
  box-shadow: 0px 0px 1.5px #2f2f2f;
  height: 25px;
  overflow: hidden;
  position: fixed;
  bottom: 0;
  width: 100%;
  padding: 0 10px;
}

.c1 {
  display: -webkit-box;
  display: -webkit-flex;
  display: -ms-flexbox;
  display: flex;
  height: 25px;
  margin: 0;
  padding: 0;
}

.c5 {
  cursor: pointer;
  display: -webkit-box;
  display: -webkit-flex;
  display: -ms-flexbox;
  display: flex;
  -webkit-align-items: center;
  -webkit-box-align: center;
  -ms-flex-align: center;
  align-items: center;
  -webkit-box-pack: center;
  -webkit-justify-content: center;
  -ms-flex-pack: center;
  justify-content: center;
  margin: 0 3px;
  margin-left: auto;
}

.c5 svg {
  fill: #d4d4d4;
}

.c5 svg circle,
.c5 svg path {
  stroke: #888888;
}

.c3 {
  cursor: pointer;
  display: -webkit-box;
  display: -webkit-flex;
  display: -ms-flexbox;
  display: flex;
  -webkit-align-items: center;
  -webkit-box-align: center;
  -ms-flex-align: center;
  align-items: center;
  -webkit-box-pack: center;
  -webkit-justify-content: center;
  -ms-flex-pack: center;
  justify-content: center;
  margin: 0 3px;
}

.c3 svg {
  fill: #d4d4d4;
}

.c3 svg circle,
.c3 svg path {
  stroke: #888888;
}

.c3:hover svg {
  -webkit-transition: opacity 0.4s ease-in-out;
  transition: opacity 0.4s ease-in-out;
  opacity: 0.3;
  -webkit-transform: none;
  -ms-transform: none;
  transform: none;
}

.c4 {
  position: absolute;
  height: 100%;
  display: -webkit-box;
  display: -webkit-flex;
  display: -ms-flexbox;
  display: flex;
  -webkit-align-items: center;
  -webkit-box-align: center;
  -ms-flex-align: center;
  align-items: center;
  -webkit-box-pack: center;
  -webkit-justify-content: center;
  -ms-flex-pack: center;
  justify-content: center;
  opacity: 0;
  color: #2f2f2f;
  font-weight: bolder;
  font-size: 8px;
  -webkit-transition: 0.2s ease-in-out;
  transition: 0.2s ease-in-out;
}

.c4:hover {
  opacity: 1;
  -webkit-transform: scale(1.1);
  -ms-transform: scale(1.1);
  transform: scale(1.1);
}

.c2 {
  display: none;
}

<nav
    class="c0"
  >
    <ul
      class="c1"
    >
      <input
        accept=".md,.txt"
        class="c2"
        id="fileLoader"
        title="Load Markdown File"
        type="file"
      />
      <li
        class="c3"
      >
        <svgr-mock />
        <div
          class="c4"
        >
          LOAD
        </div>
      </li>
      <li
        class="c3"
        role="button"
      >
        <svgr-mock />
        <div
          class="c4"
        >
          SAVE
        </div>
      </li>
      <li
        class="c5"
        role="button"
      >
        <svgr-mock
          classname="sc-fzoLsD jrTAlI"
        />
      </li>
    </ul>
  </nav>
</DocumentFragment>
`;
