// Jest Snapshot v1, https://goo.gl/fbAQLP

exports[`<Editor /> should render and match the snapshot 1`] = `
<DocumentFragment>
  .c1 {
  background-color: #fefefe;
  border: none;
  color: #292929;
  font-size: 15px;
  height: 100%;
  line-height: 18px;
  outline: none;
  padding: 0.5em;
  resize: none;
  tab-size: 2;
  width: 100%;
  -ms-overflow-style: none;
  -webkit-scrollbar-width: none;
  -moz-scrollbar-width: none;
  -ms-scrollbar-width: none;
  scrollbar-width: none;
}

.c1::-webkit-scrollbar {
  display: none;
}

.c0 {
  display: -webkit-box;
  display: -webkit-flex;
  display: -ms-flexbox;
  display: flex;
  -webkit-flex: 1;
  -ms-flex: 1;
  flex: 1;
  -webkit-flex-direction: column;
  -ms-flex-direction: column;
  flex-direction: column;
  overflow-y: scroll;
}

@supports not (-moz-appearance:none) {
  .c1 {
    padding-bottom: 90vh;
  }
}

<div
    class="c0"
    id="editor"
  >
    <textarea
      class="c1"
      id="md-textarea"
      name="md"
    />
  </div>
</DocumentFragment>
`;
