// Jest Snapshot v1, https://goo.gl/fbAQLP

exports[`<Slideshow /> should render and match the snapshot 1`] = `
<DocumentFragment>
  .c0 {
  height: 100%;
  overflow: auto;
}

.c0:fullscreen {
  -webkit-scroll-snap-type: y mandatory;
  -moz-scroll-snap-type: y mandatory;
  -ms-scroll-snap-type: y mandatory;
  scroll-snap-type: y mandatory;
}

.c0:fullscreen .slide {
  display: grid;
  height: 100%;
  -webkit-scroll-snap-align: start;
  -moz-scroll-snap-align: start;
  -ms-scroll-snap-align: start;
  scroll-snap-align: start;
}

.c0:fullscreen .slide svg {
  margin: auto;
}

.c0:-webkit-full-screen {
  background-color: rgba(255,255,255,0);
  height: 100%;
  -webkit-scroll-snap-type: y mandatory;
  -moz-scroll-snap-type: y mandatory;
  -ms-scroll-snap-type: y mandatory;
  scroll-snap-type: y mandatory;
  width: 100%;
}

.c0:-webkit-full-screen .slide {
  display: grid;
  height: 100%;
  -webkit-scroll-snap-align: start;
  -moz-scroll-snap-align: start;
  -ms-scroll-snap-align: start;
  scroll-snap-align: start;
}

.c0:-webkit-full-screen .slide svg {
  margin: auto;
}

<article
    class="c0"
    id="slideshow"
  />
</DocumentFragment>
`;
