// Jest Snapshot v1, https://goo.gl/fbAQLP

exports[`<Slideshow /> should match the snapshot 1`] = `
.c0 {
  height: 100%;
  overflow: auto;
}

.c0 img {
  display: block;
  max-width: 35%;
  margin-left: auto;
  margin-right: auto;
}

.c0 ul.contains-task-list {
  list-style-type: none;
}

<div
  class="c0 slideshow"
/>
`;
